2024-10-22 23:30:33,986 - root - INFO - Logging configured.
2024-10-22 23:30:33,988 - root - INFO - Environment variables loaded.
2024-10-22 23:30:34,000 - root - INFO - Registered command: add
2024-10-22 23:30:34,001 - root - INFO - Registered command: divide
2024-10-22 23:30:34,003 - root - INFO - Registered command: exit
2024-10-22 23:30:34,004 - root - INFO - Registered command: history
2024-10-22 23:30:34,006 - root - INFO - Registered command: menu
2024-10-22 23:30:34,007 - root - INFO - Registered command: multiply
2024-10-22 23:30:34,008 - root - INFO - Registered command: subtract
2024-10-22 23:30:34,010 - root - INFO - Executed command: menu with args: []. Result: None
2024-10-22 23:30:42,622 - root - INFO - Executed command: add with args: ['1', '2']. Result: 3
2024-10-22 23:33:24,086 - root - INFO - Logging configured.
2024-10-22 23:33:24,087 - root - INFO - Environment variables loaded.
2024-10-22 23:33:24,098 - root - INFO - Registered command: add
2024-10-22 23:33:24,100 - root - INFO - Registered command: divide
2024-10-22 23:33:24,101 - root - INFO - Registered command: exit
2024-10-22 23:33:24,102 - root - INFO - Registered command: history
2024-10-22 23:33:24,104 - root - INFO - Registered command: menu
2024-10-22 23:33:24,105 - root - INFO - Registered command: multiply
2024-10-22 23:33:24,106 - root - INFO - Registered command: subtract
2024-10-22 23:33:24,108 - root - INFO - Executed command: menu with args: []. Result: None
2024-10-22 23:33:27,654 - root - INFO - Executed command: add with args: ['5', '9']. Result: 14
2024-10-22 23:33:33,096 - root - INFO - Executed command: multiply with args: ['5', '9']. Result: 45
2024-10-22 23:33:40,172 - root - INFO - Executed command: multiply with args: ['2', '4']. Result: 8
2024-10-22 23:33:47,880 - root - INFO - Executed command: divide with args: ['12', '4']. Result: 3
2024-10-22 23:33:59,263 - root - INFO - Executed command: menu with args: []. Result: None
2024-10-22 23:34:04,824 - root - INFO - Executed command: subtract with args: ['19', '5']. Result: 14
